Java HotSpot(TM) 64-Bit Server VM (25.181-b13) for linux-amd64 JRE (1.8.0_181-b13), built on Jul  7 2018 00:56:38 by "java_re" with gcc 4.3.0 20080428 (Red Hat 4.3.0-8)
Memory: 4k page, physical 8068720k(4342532k free), swap 2097148k(2097148k free)
CommandLine flags: -XX:CMSInitiatingOccupancyFraction=50 -XX:CMSMaxAbortablePrecleanTime=6000 -XX:+CMSParallelRemarkEnabled -XX:+CMSScavengeBeforeRemark -XX:ConcGCThreads=4 -XX:InitialHeapSize=536870912 -XX:MaxHeapSize=536870912 -XX:MaxTenuringThreshold=8 -XX:NewRatio=3 -XX:OldPLABSize=16 -XX:OnOutOfMemoryError=/home/akash/Documents/3rd Year 2nd Semester/IRWA/Project_Solr/Apache_Solr/solr-6.0.0/solr-6.0.0/bin/oom_solr.sh 8983 /home/akash/Documents/3rd Year 2nd Semester/IRWA/Project_Solr/Apache_Solr/solr-6.0.0/solr-6.0.0/server/logs -XX:ParallelGCThreads=4 -XX:+ParallelRefProcEnabled -XX:PretenureSizeThreshold=67108864 -XX:+PrintGC -XX:+PrintGCApplicationStoppedTime -XX:+PrintGCDateStamps -XX:+PrintGCDetails -XX:+PrintGCTimeStamps -XX:+PrintHeapAtGC -XX:+PrintTenuringDistribution -XX:SurvivorRatio=4 -XX:TargetSurvivorRatio=90 -XX:ThreadStackSize=256 -XX:+UseCMSInitiatingOccupancyOnly -XX:+UseCompressedClassPointers -XX:+UseCompressedOops -XX:+UseConcMarkSweepGC -XX:+UseParNewGC 
2018-09-10T22:16:56.946+0530: 0.126: Total time for which application threads were stopped: 0.0000875 seconds, Stopping threads took: 0.0000185 seconds
2018-09-10T22:16:57.039+0530: 0.220: Total time for which application threads were stopped: 0.0000998 seconds, Stopping threads took: 0.0000218 seconds
2018-09-10T22:16:57.188+0530: 0.369: Total time for which application threads were stopped: 0.0001862 seconds, Stopping threads took: 0.0000229 seconds
2018-09-10T22:16:57.387+0530: 0.568: Total time for which application threads were stopped: 0.0001454 seconds, Stopping threads took: 0.0000129 seconds
2018-09-10T22:16:57.440+0530: 0.620: Total time for which application threads were stopped: 0.0001512 seconds, Stopping threads took: 0.0000240 seconds
2018-09-10T22:16:57.459+0530: 0.640: Total time for which application threads were stopped: 0.0002077 seconds, Stopping threads took: 0.0000273 seconds
2018-09-10T22:16:57.734+0530: 0.915: Total time for which application threads were stopped: 0.0002084 seconds, Stopping threads took: 0.0000222 seconds
2018-09-10T22:16:57.933+0530: 1.114: Total time for which application threads were stopped: 0.0002221 seconds, Stopping threads took: 0.0000155 seconds
2018-09-10T22:16:57.934+0530: 1.115: Total time for which application threads were stopped: 0.0001680 seconds, Stopping threads took: 0.0000115 seconds
2018-09-10T22:16:57.937+0530: 1.118: Total time for which application threads were stopped: 0.0001878 seconds, Stopping threads took: 0.0000251 seconds
2018-09-10T22:16:57.945+0530: 1.126: Total time for which application threads were stopped: 0.0001946 seconds, Stopping threads took: 0.0000238 seconds
2018-09-10T22:16:58.023+0530: 1.203: Total time for which application threads were stopped: 0.0002539 seconds, Stopping threads took: 0.0000233 seconds
2018-09-10T22:16:58.281+0530: 1.462: Total time for which application threads were stopped: 0.0005069 seconds, Stopping threads took: 0.0002674 seconds
{Heap before GC invocations=0 (full 0):
 par new generation   total 109248K, used 87424K [0x00000000e0000000, 0x00000000e8000000, 0x00000000e8000000)
  eden space 87424K, 100% used [0x00000000e0000000, 0x00000000e5560000, 0x00000000e5560000)
  from space 21824K,   0% used [0x00000000e5560000, 0x00000000e5560000, 0x00000000e6ab0000)
  to   space 21824K,   0% used [0x00000000e6ab0000, 0x00000000e6ab0000, 0x00000000e8000000)
 concurrent mark-sweep generation total 393216K, used 0K [0x00000000e8000000, 0x0000000100000000, 0x0000000100000000)
 Metaspace       used 18288K, capacity 18536K, committed 18688K, reserved 1064960K
  class space    used 2127K, capacity 2234K, committed 2304K, reserved 1048576K
2018-09-10T22:16:58.318+0530: 1.499: [GC (Allocation Failure) 2018-09-10T22:16:58.318+0530: 1.499: [ParNew
Desired survivor size 20112992 bytes, new threshold 8 (max 8)
- age   1:   11265392 bytes,   11265392 total
: 87424K->11117K(109248K), 0.0106784 secs] 87424K->11117K(502464K), 0.0107796 secs] [Times: user=0.04 sys=0.01, real=0.01 secs] 
Heap after GC invocations=1 (full 0):
 par new generation   total 109248K, used 11117K [0x00000000e0000000, 0x00000000e8000000, 0x00000000e8000000)
  eden space 87424K,   0% used [0x00000000e0000000, 0x00000000e0000000, 0x00000000e5560000)
  from space 21824K,  50% used [0x00000000e6ab0000, 0x00000000e758b680, 0x00000000e8000000)
  to   space 21824K,   0% used [0x00000000e5560000, 0x00000000e5560000, 0x00000000e6ab0000)
 concurrent mark-sweep generation total 393216K, used 0K [0x00000000e8000000, 0x0000000100000000, 0x0000000100000000)
 Metaspace       used 18288K, capacity 18536K, committed 18688K, reserved 1064960K
  class space    used 2127K, capacity 2234K, committed 2304K, reserved 1048576K
}
2018-09-10T22:16:58.329+0530: 1.510: Total time for which application threads were stopped: 0.0109680 seconds, Stopping threads took: 0.0000477 seconds
2018-09-10T22:16:58.418+0530: 1.599: Total time for which application threads were stopped: 0.0002213 seconds, Stopping threads took: 0.0000151 seconds
2018-09-10T22:16:58.460+0530: 1.640: Total time for which application threads were stopped: 0.0003283 seconds, Stopping threads took: 0.0000287 seconds
{Heap before GC invocations=1 (full 0):
 par new generation   total 109248K, used 98541K [0x00000000e0000000, 0x00000000e8000000, 0x00000000e8000000)
  eden space 87424K, 100% used [0x00000000e0000000, 0x00000000e5560000, 0x00000000e5560000)
  from space 21824K,  50% used [0x00000000e6ab0000, 0x00000000e758b680, 0x00000000e8000000)
  to   space 21824K,   0% used [0x00000000e5560000, 0x00000000e5560000, 0x00000000e6ab0000)
 concurrent mark-sweep generation total 393216K, used 0K [0x00000000e8000000, 0x0000000100000000, 0x0000000100000000)
 Metaspace       used 20639K, capacity 21022K, committed 21296K, reserved 1069056K
  class space    used 2461K, capacity 2593K, committed 2688K, reserved 1048576K
2018-09-10T22:16:58.739+0530: 1.920: [GC (Allocation Failure) 2018-09-10T22:16:58.739+0530: 1.920: [ParNew
Desired survivor size 20112992 bytes, new threshold 8 (max 8)
- age   1:    2849656 bytes,    2849656 total
- age   2:    5489520 bytes,    8339176 total
: 98541K->10659K(109248K), 0.0093027 secs] 98541K->10659K(502464K), 0.0093726 secs] [Times: user=0.03 sys=0.00, real=0.00 secs] 
Heap after GC invocations=2 (full 0):
 par new generation   total 109248K, used 10659K [0x00000000e0000000, 0x00000000e8000000, 0x00000000e8000000)
  eden space 87424K,   0% used [0x00000000e0000000, 0x00000000e0000000, 0x00000000e5560000)
  from space 21824K,  48% used [0x00000000e5560000, 0x00000000e5fc8ea0, 0x00000000e6ab0000)
  to   space 21824K,   0% used [0x00000000e6ab0000, 0x00000000e6ab0000, 0x00000000e8000000)
 concurrent mark-sweep generation total 393216K, used 0K [0x00000000e8000000, 0x0000000100000000, 0x0000000100000000)
 Metaspace       used 20639K, capacity 21022K, committed 21296K, reserved 1069056K
  class space    used 2461K, capacity 2593K, committed 2688K, reserved 1048576K
}
2018-09-10T22:16:58.749+0530: 1.929: Total time for which application threads were stopped: 0.0095902 seconds, Stopping threads took: 0.0000265 seconds
2018-09-10T22:16:58.768+0530: 1.948: Total time for which application threads were stopped: 0.0000887 seconds, Stopping threads took: 0.0000243 seconds
2018-09-10T22:16:58.803+0530: 1.984: Total time for which application threads were stopped: 0.0002747 seconds, Stopping threads took: 0.0000262 seconds
2018-09-10T22:16:58.805+0530: 1.985: Total time for which application threads were stopped: 0.0000747 seconds, Stopping threads took: 0.0000143 seconds
2018-09-10T22:16:58.825+0530: 2.006: Total time for which application threads were stopped: 0.0000758 seconds, Stopping threads took: 0.0000151 seconds
2018-09-10T22:16:58.851+0530: 2.031: Total time for which application threads were stopped: 0.0001188 seconds, Stopping threads took: 0.0000487 seconds
2018-09-10T22:16:58.937+0530: 2.117: Total time for which application threads were stopped: 0.0001607 seconds, Stopping threads took: 0.0000312 seconds
2018-09-10T22:16:58.951+0530: 2.132: Total time for which application threads were stopped: 0.0003137 seconds, Stopping threads took: 0.0000249 seconds
2018-09-10T22:16:58.969+0530: 2.150: Total time for which application threads were stopped: 0.0000938 seconds, Stopping threads took: 0.0000268 seconds
2018-09-10T22:16:58.991+0530: 2.172: Total time for which application threads were stopped: 0.0000799 seconds, Stopping threads took: 0.0000155 seconds
2018-09-10T22:16:59.014+0530: 2.195: Total time for which application threads were stopped: 0.0002662 seconds, Stopping threads took: 0.0000163 seconds
2018-09-10T22:16:59.015+0530: 2.196: Total time for which application threads were stopped: 0.0000657 seconds, Stopping threads took: 0.0000155 seconds
2018-09-10T22:16:59.046+0530: 2.227: Total time for which application threads were stopped: 0.0000778 seconds, Stopping threads took: 0.0000151 seconds
2018-09-10T22:16:59.076+0530: 2.257: Total time for which application threads were stopped: 0.0000785 seconds, Stopping threads took: 0.0000155 seconds
2018-09-10T22:16:59.097+0530: 2.277: Total time for which application threads were stopped: 0.0000802 seconds, Stopping threads took: 0.0000162 seconds
2018-09-10T22:16:59.125+0530: 2.305: Total time for which application threads were stopped: 0.0000879 seconds, Stopping threads took: 0.0000167 seconds
2018-09-10T22:16:59.161+0530: 2.342: Total time for which application threads were stopped: 0.0001043 seconds, Stopping threads took: 0.0000246 seconds
2018-09-10T22:16:59.206+0530: 2.387: Total time for which application threads were stopped: 0.0000888 seconds, Stopping threads took: 0.0000261 seconds
2018-09-10T22:16:59.235+0530: 2.416: Total time for which application threads were stopped: 0.0000836 seconds, Stopping threads took: 0.0000146 seconds
2018-09-10T22:16:59.266+0530: 2.447: Total time for which application threads were stopped: 0.0001074 seconds, Stopping threads took: 0.0000243 seconds
2018-09-10T22:16:59.298+0530: 2.479: Total time for which application threads were stopped: 0.0001391 seconds, Stopping threads took: 0.0000630 seconds
2018-09-10T22:16:59.300+0530: 2.481: Total time for which application threads were stopped: 0.0002970 seconds, Stopping threads took: 0.0000237 seconds
2018-09-10T22:16:59.349+0530: 2.530: Total time for which application threads were stopped: 0.0004268 seconds, Stopping threads took: 0.0000295 seconds
2018-09-10T22:16:59.353+0530: 2.534: Total time for which application threads were stopped: 0.0001231 seconds, Stopping threads took: 0.0000286 seconds
2018-09-10T22:16:59.388+0530: 2.569: Total time for which application threads were stopped: 0.0001232 seconds, Stopping threads took: 0.0000305 seconds
2018-09-10T22:17:00.388+0530: 3.569: Total time for which application threads were stopped: 0.0000635 seconds, Stopping threads took: 0.0000189 seconds
2018-09-10T22:17:00.748+0530: 3.929: [GC (CMS Initial Mark) [1 CMS-initial-mark: 0K(393216K)] 75902K(502464K), 0.0132377 secs] [Times: user=0.05 sys=0.00, real=0.02 secs] 
2018-09-10T22:17:00.762+0530: 3.942: Total time for which application threads were stopped: 0.0133371 seconds, Stopping threads took: 0.0000188 seconds
2018-09-10T22:17:00.762+0530: 3.942: [CMS-concurrent-mark-start]
2018-09-10T22:17:00.762+0530: 3.943: [CMS-concurrent-mark: 0.000/0.000 secs] [Times: user=0.00 sys=0.00, real=0.00 secs] 
2018-09-10T22:17:00.762+0530: 3.943: [CMS-concurrent-preclean-start]
2018-09-10T22:17:00.763+0530: 3.944: [CMS-concurrent-preclean: 0.001/0.001 secs] [Times: user=0.01 sys=0.00, real=0.00 secs] 
2018-09-10T22:17:00.763+0530: 3.944: [CMS-concurrent-abortable-preclean-start]
2018-09-10T22:17:00.882+0530: 4.063: Total time for which application threads were stopped: 0.0003170 seconds, Stopping threads took: 0.0000240 seconds
2018-09-10T22:17:05.787+0530: 8.968: Total time for which application threads were stopped: 0.0001174 seconds, Stopping threads took: 0.0000443 seconds
2018-09-10T22:17:05.788+0530: 8.968: Total time for which application threads were stopped: 0.0000580 seconds, Stopping threads took: 0.0000149 seconds
2018-09-10T22:17:05.792+0530: 8.973: Total time for which application threads were stopped: 0.0001090 seconds, Stopping threads took: 0.0000464 seconds
2018-09-10T22:17:05.797+0530: 8.978: Total time for which application threads were stopped: 0.0001106 seconds, Stopping threads took: 0.0000609 seconds
2018-09-10T22:17:05.799+0530: 8.980: Total time for which application threads were stopped: 0.0000934 seconds, Stopping threads took: 0.0000434 seconds
2018-09-10T22:17:05.800+0530: 8.981: Total time for which application threads were stopped: 0.0000731 seconds, Stopping threads took: 0.0000360 seconds
2018-09-10T22:17:05.800+0530: 8.981: Total time for which application threads were stopped: 0.0000747 seconds, Stopping threads took: 0.0000379 seconds
2018-09-10T22:17:05.801+0530: 8.981: Total time for which application threads were stopped: 0.0000565 seconds, Stopping threads took: 0.0000135 seconds
2018-09-10T22:17:05.802+0530: 8.982: Total time for which application threads were stopped: 0.0000540 seconds, Stopping threads took: 0.0000094 seconds
2018-09-10T22:17:05.802+0530: 8.983: Total time for which application threads were stopped: 0.0000612 seconds, Stopping threads took: 0.0000238 seconds
2018-09-10T22:17:05.802+0530: 8.983: Total time for which application threads were stopped: 0.0000690 seconds, Stopping threads took: 0.0000297 seconds
2018-09-10T22:17:05.803+0530: 8.984: Total time for which application threads were stopped: 0.0002238 seconds, Stopping threads took: 0.0000852 seconds
2018-09-10T22:17:05.807+0530: 8.988: Total time for which application threads were stopped: 0.0000926 seconds, Stopping threads took: 0.0000352 seconds
2018-09-10T22:17:05.810+0530: 8.990: Total time for which application threads were stopped: 0.0000913 seconds, Stopping threads took: 0.0000336 seconds
2018-09-10T22:17:05.815+0530: 8.996: Total time for which application threads were stopped: 0.0000951 seconds, Stopping threads took: 0.0000251 seconds
2018-09-10T22:17:05.819+0530: 9.000: Total time for which application threads were stopped: 0.0003780 seconds, Stopping threads took: 0.0000152 seconds
2018-09-10T22:17:05.824+0530: 9.005: Total time for which application threads were stopped: 0.0001801 seconds, Stopping threads took: 0.0001105 seconds
2018-09-10T22:17:05.831+0530: 9.012: Total time for which application threads were stopped: 0.0001798 seconds, Stopping threads took: 0.0001106 seconds
2018-09-10T22:17:05.843+0530: 9.024: Total time for which application threads were stopped: 0.0001370 seconds, Stopping threads took: 0.0000332 seconds
2018-09-10T22:17:05.856+0530: 9.037: Total time for which application threads were stopped: 0.0001004 seconds, Stopping threads took: 0.0000238 seconds
2018-09-10T22:17:06.348+0530: 9.529: Total time for which application threads were stopped: 0.0000823 seconds, Stopping threads took: 0.0000172 seconds
2018-09-10T22:17:06.355+0530: 9.536: Total time for which application threads were stopped: 0.0012662 seconds, Stopping threads took: 0.0008882 seconds
2018-09-10T22:17:06.359+0530: 9.540: Total time for which application threads were stopped: 0.0001285 seconds, Stopping threads took: 0.0000586 seconds
2018-09-10T22:17:06.361+0530: 9.541: Total time for which application threads were stopped: 0.0001155 seconds, Stopping threads took: 0.0000227 seconds
2018-09-10T22:17:06.367+0530: 9.547: Total time for which application threads were stopped: 0.0001289 seconds, Stopping threads took: 0.0000339 seconds
2018-09-10T22:17:06.392+0530: 9.572: Total time for which application threads were stopped: 0.0004691 seconds, Stopping threads took: 0.0000311 seconds
2018-09-10T22:17:06.398+0530: 9.579: Total time for which application threads were stopped: 0.0024469 seconds, Stopping threads took: 0.0023568 seconds
2018-09-10T22:17:06.399+0530: 9.580: Total time for which application threads were stopped: 0.0001001 seconds, Stopping threads took: 0.0000379 seconds
2018-09-10T22:17:06.399+0530: 9.580: Total time for which application threads were stopped: 0.0000831 seconds, Stopping threads took: 0.0000414 seconds
2018-09-10T22:17:06.405+0530: 9.586: Total time for which application threads were stopped: 0.0001178 seconds, Stopping threads took: 0.0000233 seconds
2018-09-10T22:17:06.406+0530: 9.587: Total time for which application threads were stopped: 0.0002274 seconds, Stopping threads took: 0.0001693 seconds
2018-09-10T22:17:06.417+0530: 9.598: Total time for which application threads were stopped: 0.0065348 seconds, Stopping threads took: 0.0064427 seconds
2018-09-10T22:17:06.419+0530: 9.599: Total time for which application threads were stopped: 0.0001136 seconds, Stopping threads took: 0.0000344 seconds
2018-09-10T22:17:06.421+0530: 9.602: Total time for which application threads were stopped: 0.0006466 seconds, Stopping threads took: 0.0005727 seconds
2018-09-10T22:17:06.433+0530: 9.614: Total time for which application threads were stopped: 0.0001168 seconds, Stopping threads took: 0.0000246 seconds
2018-09-10T22:17:06.440+0530: 9.621: Total time for which application threads were stopped: 0.0051601 seconds, Stopping threads took: 0.0050658 seconds
2018-09-10T22:17:06.442+0530: 9.622: Total time for which application threads were stopped: 0.0001039 seconds, Stopping threads took: 0.0000229 seconds
2018-09-10T22:17:06.442+0530: 9.623: Total time for which application threads were stopped: 0.0000998 seconds, Stopping threads took: 0.0000217 seconds
2018-09-10T22:17:06.445+0530: 9.626: Total time for which application threads were stopped: 0.0026162 seconds, Stopping threads took: 0.0025095 seconds
2018-09-10T22:17:06.471+0530: 9.652: Total time for which application threads were stopped: 0.0001134 seconds, Stopping threads took: 0.0000236 seconds
2018-09-10T22:17:06.474+0530: 9.655: Total time for which application threads were stopped: 0.0000945 seconds, Stopping threads took: 0.0000243 seconds
2018-09-10T22:17:06.475+0530: 9.655: Total time for which application threads were stopped: 0.0000578 seconds, Stopping threads took: 0.0000151 seconds
2018-09-10T22:17:06.475+0530: 9.655: Total time for which application threads were stopped: 0.0000325 seconds, Stopping threads took: 0.0000093 seconds
2018-09-10T22:17:06.475+0530: 9.656: Total time for which application threads were stopped: 0.0000285 seconds, Stopping threads took: 0.0000069 seconds
2018-09-10T22:17:06.475+0530: 9.656: Total time for which application threads were stopped: 0.0000476 seconds, Stopping threads took: 0.0000133 seconds
2018-09-10T22:17:06.476+0530: 9.656: Total time for which application threads were stopped: 0.0000327 seconds, Stopping threads took: 0.0000084 seconds
2018-09-10T22:17:06.478+0530: 9.659: Total time for which application threads were stopped: 0.0000683 seconds, Stopping threads took: 0.0000194 seconds
2018-09-10T22:17:06.479+0530: 9.659: Total time for which application threads were stopped: 0.0000364 seconds, Stopping threads took: 0.0000091 seconds
2018-09-10T22:17:06.479+0530: 9.659: Total time for which application threads were stopped: 0.0000542 seconds, Stopping threads took: 0.0000071 seconds
2018-09-10T22:17:06.479+0530: 9.660: Total time for which application threads were stopped: 0.0000472 seconds, Stopping threads took: 0.0000105 seconds
2018-09-10T22:17:06.479+0530: 9.660: Total time for which application threads were stopped: 0.0000307 seconds, Stopping threads took: 0.0000073 seconds
2018-09-10T22:17:06.479+0530: 9.660: Total time for which application threads were stopped: 0.0000331 seconds, Stopping threads took: 0.0000081 seconds
2018-09-10T22:17:06.479+0530: 9.660: Total time for which application threads were stopped: 0.0000282 seconds, Stopping threads took: 0.0000067 seconds
2018-09-10T22:17:06.479+0530: 9.660: Total time for which application threads were stopped: 0.0000288 seconds, Stopping threads took: 0.0000069 seconds
2018-09-10T22:17:06.480+0530: 9.661: Total time for which application threads were stopped: 0.0000635 seconds, Stopping threads took: 0.0000170 seconds
2018-09-10T22:17:06.480+0530: 9.661: Total time for which application threads were stopped: 0.0000503 seconds, Stopping threads took: 0.0000112 seconds
2018-09-10T22:17:06.480+0530: 9.661: Total time for which application threads were stopped: 0.0000432 seconds, Stopping threads took: 0.0000086 seconds
2018-09-10T22:17:06.481+0530: 9.661: Total time for which application threads were stopped: 0.0000469 seconds, Stopping threads took: 0.0000093 seconds
2018-09-10T22:17:06.481+0530: 9.661: Total time for which application threads were stopped: 0.0000314 seconds, Stopping threads took: 0.0000075 seconds
2018-09-10T22:17:06.482+0530: 9.663: Total time for which application threads were stopped: 0.0000856 seconds, Stopping threads took: 0.0000226 seconds
2018-09-10T22:17:06.483+0530: 9.663: Total time for which application threads were stopped: 0.0000457 seconds, Stopping threads took: 0.0000113 seconds
2018-09-10T22:17:06.483+0530: 9.663: Total time for which application threads were stopped: 0.0000317 seconds, Stopping threads took: 0.0000078 seconds
2018-09-10T22:17:06.483+0530: 9.664: Total time for which application threads were stopped: 0.0000534 seconds, Stopping threads took: 0.0000114 seconds
2018-09-10T22:17:06.483+0530: 9.664: Total time for which application threads were stopped: 0.0000378 seconds, Stopping threads took: 0.0000087 seconds
2018-09-10T22:17:06.484+0530: 9.664: Total time for which application threads were stopped: 0.0001061 seconds, Stopping threads took: 0.0000069 seconds
2018-09-10T22:17:06.484+0530: 9.665: Total time for which application threads were stopped: 0.0000438 seconds, Stopping threads took: 0.0000104 seconds
2018-09-10T22:17:06.484+0530: 9.665: Total time for which application threads were stopped: 0.0000286 seconds, Stopping threads took: 0.0000074 seconds
2018-09-10T22:17:06.493+0530: 9.674: Total time for which application threads were stopped: 0.0001696 seconds, Stopping threads took: 0.0000748 seconds
2018-09-10T22:17:06.494+0530: 9.675: Total time for which application threads were stopped: 0.0001240 seconds, Stopping threads took: 0.0000443 seconds
2018-09-10T22:17:06.499+0530: 9.679: Total time for which application threads were stopped: 0.0001161 seconds, Stopping threads took: 0.0000266 seconds
 CMS: abort preclean due to time 2018-09-10T22:17:06.875+0530: 10.055: [CMS-concurrent-abortable-preclean: 2.190/6.112 secs] [Times: user=2.44 sys=0.01, real=6.11 secs] 
2018-09-10T22:17:06.875+0530: 10.056: [GC (CMS Final Remark) [YG occupancy: 91261 K (109248 K)]{Heap before GC invocations=2 (full 1):
 par new generation   total 109248K, used 91261K [0x00000000e0000000, 0x00000000e8000000, 0x00000000e8000000)
  eden space 87424K,  92% used [0x00000000e0000000, 0x00000000e4eb65b8, 0x00000000e5560000)
  from space 21824K,  48% used [0x00000000e5560000, 0x00000000e5fc8ea0, 0x00000000e6ab0000)
  to   space 21824K,   0% used [0x00000000e6ab0000, 0x00000000e6ab0000, 0x00000000e8000000)
 concurrent mark-sweep generation total 393216K, used 0K [0x00000000e8000000, 0x0000000100000000, 0x0000000100000000)
 Metaspace       used 28687K, capacity 29006K, committed 29188K, reserved 1075200K
  class space    used 3436K, capacity 3564K, committed 3580K, reserved 1048576K
2018-09-10T22:17:06.875+0530: 10.056: [GC (CMS Final Remark) 2018-09-10T22:17:06.875+0530: 10.056: [ParNew
Desired survivor size 20112992 bytes, new threshold 8 (max 8)
- age   1:   10190104 bytes,   10190104 total
- age   2:     555896 bytes,   10746000 total
- age   3:    5440712 bytes,   16186712 total
: 91261K->18242K(109248K), 0.0125547 secs] 91261K->18242K(502464K), 0.0126063 secs] [Times: user=0.04 sys=0.01, real=0.01 secs] 
Heap after GC invocations=3 (full 1):
 par new generation   total 109248K, used 18242K [0x00000000e0000000, 0x00000000e8000000, 0x00000000e8000000)
  eden space 87424K,   0% used [0x00000000e0000000, 0x00000000e0000000, 0x00000000e5560000)
  from space 21824K,  83% used [0x00000000e6ab0000, 0x00000000e7c808a0, 0x00000000e8000000)
  to   space 21824K,   0% used [0x00000000e5560000, 0x00000000e5560000, 0x00000000e6ab0000)
 concurrent mark-sweep generation total 393216K, used 0K [0x00000000e8000000, 0x0000000100000000, 0x0000000100000000)
 Metaspace       used 28687K, capacity 29006K, committed 29188K, reserved 1075200K
  class space    used 3436K, capacity 3564K, committed 3580K, reserved 1048576K
}
2018-09-10T22:17:06.888+0530: 10.068: [Rescan (parallel) , 0.0045968 secs]2018-09-10T22:17:06.892+0530: 10.073: [weak refs processing, 0.0008733 secs]2018-09-10T22:17:06.893+0530: 10.074: [class unloading, 0.0034307 secs]2018-09-10T22:17:06.897+0530: 10.077: [scrub symbol table, 0.0036484 secs]2018-09-10T22:17:06.900+0530: 10.081: [scrub string table, 0.0003267 secs][1 CMS-remark: 0K(393216K)] 18242K(502464K), 0.0262989 secs] [Times: user=0.07 sys=0.01, real=0.03 secs] 
2018-09-10T22:17:06.901+0530: 10.082: Total time for which application threads were stopped: 0.0263843 seconds, Stopping threads took: 0.0000174 seconds
2018-09-10T22:17:06.901+0530: 10.082: [CMS-concurrent-sweep-start]
2018-09-10T22:17:06.901+0530: 10.082: [CMS-concurrent-sweep: 0.000/0.000 secs] [Times: user=0.00 sys=0.00, real=0.00 secs] 
2018-09-10T22:17:06.901+0530: 10.082: [CMS-concurrent-reset-start]
2018-09-10T22:17:06.904+0530: 10.085: [CMS-concurrent-reset: 0.003/0.003 secs] [Times: user=0.01 sys=0.01, real=0.00 secs] 
